// Jest Snapshot v1, https://goo.gl/fbAQLP

exports[`snapshot App snapshot App 1`] = `
Object {
  "asFragment": [Function],
  "baseElement": <body>
    <div>
      <div
        class="dashboard"
      >
        <div
          class="dashboard-container"
        >
          <header
            class="g-header"
          >
            <h1>
              Task Manager
            </h1>
            <div
              class="header-desc"
            >
              <p>
                Процент не выполненых задач 
                NaN
                %
              </p>
              <p>
                Количество созданных задач за сессию: 
                0
              </p>
            </div>
          </header>
          <div
            class="add-task"
          >
            <form
              class="form-task"
            >
              <input
                class="task-massage"
                maxlength="50"
                placeholder="Description of my new task"
                type="text"
              />
              <button
                class="btn task-btn"
                type="submit"
              >
                Добавить задачу
              </button>
            </form>
          </div>
          <div
            class="list-wrapper"
          >
            <ul
              class="list-tasks"
            />
          </div>
          <footer
            class="g-footer"
          >
            <label
              class="g-checkbox"
            >
              <input
                checked=""
                type="checkbox"
              />
              <div
                class="label"
              >
                <div
                  class="label-content"
                >
                  <span>
                    Все задачи выполнены
                  </span>
                </div>
              </div>
            </label>
          </footer>
        </div>
      </div>
    </div>
  </body>,
  "container": <div>
    <div
      class="dashboard"
    >
      <div
        class="dashboard-container"
      >
        <header
          class="g-header"
        >
          <h1>
            Task Manager
          </h1>
          <div
            class="header-desc"
          >
            <p>
              Процент не выполненых задач 
              NaN
              %
            </p>
            <p>
              Количество созданных задач за сессию: 
              0
            </p>
          </div>
        </header>
        <div
          class="add-task"
        >
          <form
            class="form-task"
          >
            <input
              class="task-massage"
              maxlength="50"
              placeholder="Description of my new task"
              type="text"
            />
            <button
              class="btn task-btn"
              type="submit"
            >
              Добавить задачу
            </button>
          </form>
        </div>
        <div
          class="list-wrapper"
        >
          <ul
            class="list-tasks"
          />
        </div>
        <footer
          class="g-footer"
        >
          <label
            class="g-checkbox"
          >
            <input
              checked=""
              type="checkbox"
            />
            <div
              class="label"
            >
              <div
                class="label-content"
              >
                <span>
                  Все задачи выполнены
                </span>
              </div>
            </div>
          </label>
        </footer>
      </div>
    </div>
  </div>,
  "debug": [Function],
  "findAllByAltText": [Function],
  "findAllByDisplayValue": [Function],
  "findAllByLabelText": [Function],
  "findAllByPlaceholderText": [Function],
  "findAllByRole": [Function],
  "findAllByTestId": [Function],
  "findAllByText": [Function],
  "findAllByTitle": [Function],
  "findByAltText": [Function],
  "findByDisplayValue": [Function],
  "findByLabelText": [Function],
  "findByPlaceholderText": [Function],
  "findByRole": [Function],
  "findByTestId": [Function],
  "findByText": [Function],
  "findByTitle": [Function],
  "getAllByAltText": [Function],
  "getAllByDisplayValue": [Function],
  "getAllByLabelText": [Function],
  "getAllByPlaceholderText": [Function],
  "getAllByRole": [Function],
  "getAllByTestId": [Function],
  "getAllByText": [Function],
  "getAllByTitle": [Function],
  "getByAltText": [Function],
  "getByDisplayValue": [Function],
  "getByLabelText": [Function],
  "getByPlaceholderText": [Function],
  "getByRole": [Function],
  "getByTestId": [Function],
  "getByText": [Function],
  "getByTitle": [Function],
  "queryAllByAltText": [Function],
  "queryAllByDisplayValue": [Function],
  "queryAllByLabelText": [Function],
  "queryAllByPlaceholderText": [Function],
  "queryAllByRole": [Function],
  "queryAllByTestId": [Function],
  "queryAllByText": [Function],
  "queryAllByTitle": [Function],
  "queryByAltText": [Function],
  "queryByDisplayValue": [Function],
  "queryByLabelText": [Function],
  "queryByPlaceholderText": [Function],
  "queryByRole": [Function],
  "queryByTestId": [Function],
  "queryByText": [Function],
  "queryByTitle": [Function],
  "rerender": [Function],
  "unmount": [Function],
}
`;
